- V e r i l a t i o n   R e p o r t:  rev vUNKNOWN-built20260516-4e853d8
- Verilator: Built from 0.387 MB sources in 17 modules, into 2.245 MB in 7 C++ files needing 0.007 MB
- Verilator: Walltime 0.467 s (elab=0.081, cvt=0.320, bld=0.000); cpu 0.000 s on 1 threads; allocated 36.117 MB
%Warning-WIDTHEXPAND: C:\CodexTemp\stylecam_v21_delivery_check_20261005\rtl\common.v:67:25: Operator EQ expects 32 bits on the LHS, but LHS's VARREF 'cnt' generates 2 bits.
                                                                                          : ... note: In instance 'tb_top.dut.u_l12.g_k3.g_dense.u_mac.u_of'
   67 |     assign full  = (cnt == D);
      |                         ^~
                      ... For warning description see https://verilator.org/warn/WIDTHEXPAND?v=0.000
                      ... Use "/* verilator lint_off WIDTHEXPAND */" and lint_on around source to disable this message.
%Warning-WIDTHEXPAND: C:\CodexTemp\stylecam_v21_delivery_check_20261005\rtl\common.v:103:31: Operator EQ expects 32 bits on the LHS, but LHS's VARREF 'wlane' generates 5 bits.
                                                                                           : ... note: In instance 'tb_top.dut.u_l12.g_k3.g_dense.u_mac.u_w'
  103 |                     if (wlane == NL - 1) mem[waddr] <= {wdata, stage};
      |                               ^~
%Warning-WIDTHTRUNC: C:\CodexTemp\stylecam_v21_delivery_check_20261005\rtl\common.v:143:35: Bit extraction of array[511:0] requires 9 bit index, not 12 bits.
                                                                                          : ... note: In instance 'tb_top.dut.u_l12.g_k3.g_lb2.u_swg.u_lb'
  143 |                 if (we && whi)  m1[wa1] <= wdata;
      |                                   ^
                     ... For warning description see https://verilator.org/warn/WIDTHTRUNC?v=0.000
                     ... Use "/* verilator lint_off WIDTHTRUNC */" and lint_on around source to disable this message.
%Warning-WIDTHTRUNC: C:\CodexTemp\stylecam_v21_delivery_check_20261005\rtl\common.v:146:30: Bit extraction of array[511:0] requires 9 bit index, not 12 bits.
                                                                                          : ... note: In instance 'tb_top.dut.u_l12.g_k3.g_lb2.u_swg.u_lb'
  146 |                     q1  <= m1[ra1];
      |                              ^
%Warning-WIDTHEXPAND: C:\CodexTemp\stylecam_v21_delivery_check_20261005\rtl\common.v:67:25: Operator EQ expects 32 bits on the LHS, but LHS's VARREF 'cnt' generates 4 bits.
                                                                                          : ... note: In instance 'tb_top.dut.u_l11.g_k1.u_mac.u_of'
   67 |     assign full  = (cnt == D);
      |                         ^~
%Warning-WIDTHEXPAND: C:\CodexTemp\stylecam_v21_delivery_check_20261005\rtl\common.v:67:25: Operator EQ expects 32 bits on the LHS, but LHS's VARREF 'cnt' generates 6 bits.
                                                                                          : ... note: In instance 'tb_top.dut.u_l9.g_k1.u_mac.u_of'
   67 |     assign full  = (cnt == D);
      |                         ^~
%Warning-WIDTHEXPAND: C:\CodexTemp\stylecam_v21_delivery_check_20261005\rtl\common.v:67:25: Operator EQ expects 32 bits on the LHS, but LHS's VARREF 'cnt' generates 5 bits.
                                                                                          : ... note: In instance 'tb_top.dut.u_l9.g_k1.u_mac.g_sd.u_sd'
   67 |     assign full  = (cnt == D);
      |                         ^~
%Warning-WIDTHTRUNC: C:\CodexTemp\stylecam_v21_delivery_check_20261005\rtl\common.v:143:35: Bit extraction of array[1791:0] requires 11 bit index, not 12 bits.
                                                                                          : ... note: In instance 'tb_top.dut.u_l1.g_k3.g_lb3.u_swg.u_lb'
  143 |                 if (we && whi)  m1[wa1] <= wdata;
      |                                   ^
%Warning-WIDTHTRUNC: C:\CodexTemp\stylecam_v21_delivery_check_20261005\rtl\common.v:146:30: Bit extraction of array[1791:0] requires 11 bit index, not 12 bits.
                                                                                          : ... note: In instance 'tb_top.dut.u_l1.g_k3.g_lb3.u_swg.u_lb'
  146 |                     q1  <= m1[ra1];
      |                              ^
%Warning-WIDTHEXPAND: C:\CodexTemp\stylecam_v21_delivery_check_20261005\rtl\common.v:67:25: Operator EQ expects 32 bits on the LHS, but LHS's VARREF 'cnt' generates 3 bits.
                                                                                          : ... note: In instance 'tb_top.dut.u_l0.g_k3.g_dense.u_mac.u_of'
   67 |     assign full  = (cnt == D);
      |                         ^~
%Warning-WIDTHTRUNC: C:\CodexTemp\stylecam_v21_delivery_check_20261005\rtl\requant.v:76:28: Operator ASSIGNW expects 7 bits on the Assign RHS, but Assign RHS's ADD generates 32 or 8 bits.
                                                                                          : ... note: In instance 'tb_top.dut.u_l12.u_rq'
   76 |     wire [CAW-1:0] ra_hi   = style * COUT + ch;
      |                            ^
%Warning-WIDTHEXPAND: C:\CodexTemp\stylecam_v21_delivery_check_20261005\rtl\requant.v:89:33: Operator GTS expects 26 bits on the RHS, but RHS's VARREF 'AMAX' generates 19 bits.
                                                                                           : ... note: In instance 'tb_top.dut.u_l12.u_rq'
   89 |     wire signed [18:0] a0 = (sh > AMAX) ? AMAX : ((sh < AMIN) ? AMIN : sh[18:0]);
      |                                 ^
%Warning-WIDTHEXPAND: C:\CodexTemp\stylecam_v21_delivery_check_20261005\rtl\requant.v:89:55: Operator LTS expects 26 bits on the RHS, but RHS's VARREF 'AMIN' generates 19 bits.
                                                                                           : ... note: In instance 'tb_top.dut.u_l12.u_rq'
   89 |     wire signed [18:0] a0 = (sh > AMAX) ? AMAX : ((sh < AMIN) ? AMIN : sh[18:0]);
      |                                                       ^
%Warning-WIDTHEXPAND: C:\CodexTemp\stylecam_v21_delivery_check_20261005\rtl\requant.v:124:31: Operator SHIFTL expects 40 bits on the LHS, but LHS's SIGNED generates 20 bits.
                                                                                            : ... note: In instance 'tb_top.dut.u_l12.u_rq'
  124 |             b2 <= $signed(Bq) <<< (S - S2);
      |                               ^~~
%Warning-WIDTHEXPAND: C:\CodexTemp\stylecam_v21_delivery_check_20261005\rtl\mac.v:50:37: Operator ADD expects 32 or 16 bits on the RHS, but RHS's VARREF 'f0' generates 8 bits.
                                                                                       : ... note: In instance 'tb_top.dut.u_l12.g_k3.g_dense.u_mac'
   50 |     wire [WAW-1:0]  waddr = i0 * NF + f0;
      |                                     ^
%Warning-WIDTHTRUNC: C:\CodexTemp\stylecam_v21_delivery_check_20261005\rtl\mac.v:50:27: Operator ASSIGNW expects 7 bits on the Assign RHS, but Assign RHS's ADD generates 32 or 16 bits.
                                                                                      : ... note: In instance 'tb_top.dut.u_l12.g_k3.g_dense.u_mac'
   50 |     wire [WAW-1:0]  waddr = i0 * NF + f0;
      |                           ^
%Warning-WIDTHEXPAND: C:\CodexTemp\stylecam_v21_delivery_check_20261005\rtl\mac.v:73:27: Operator EQ expects 32 bits on the LHS, but LHS's VARREF 'i0' generates 16 bits.
                                                                                       : ... note: In instance 'tb_top.dut.u_l12.g_k3.g_dense.u_mac'
   73 |                 i0 <= (i0 == NI - 1) ? 0 : i0 + 1'b1;
      |                           ^~
%Warning-WIDTHEXPAND: C:\CodexTemp\stylecam_v21_delivery_check_20261005\rtl\mac.v:95:27: Operator EQ expects 32 bits on the LHS, but LHS's VARREF 'i0' generates 16 bits.
                                                                                       : ... note: In instance 'tb_top.dut.u_l12.g_k3.g_dense.u_mac'
   95 |             last1  <= (i0 == NI - 1);
      |                           ^~
%Warning-WIDTHEXPAND: C:\CodexTemp\stylecam_v21_delivery_check_20261005\rtl\mac.v:112:35: Operator ADD expects 26 bits on the RHS, but RHS's ARRAYSEL generates 17 bits.
                                                                                        : ... note: In instance 'tb_top.dut.u_l12.g_k3.g_dense.u_mac'
  112 |                 psum[p] = psum[p] + prod[p*G+j];
      |                                   ^
%Warning-WIDTHEXPAND: C:\CodexTemp\stylecam_v21_delivery_check_20261005\rtl\swg3b.v:84:35: Operator ADD expects 32 or 18 bits on the RHS, but RHS's VARREF 'rd_ky' generates 2 bits.
                                                                                         : ... note: In instance 'tb_top.dut.u_l12.g_k3.g_lb2.u_swg'
   84 |     wire signed [17:0] iy = rd_oy + rd_ky - 1;
      |                                   ^
%Warning-WIDTHEXPAND: C:\CodexTemp\stylecam_v21_delivery_check_20261005\rtl\swg3b.v:85:35: Operator ADD expects 32 or 18 bits on the RHS, but RHS's VARREF 'rd_kx' generates 2 bits.
                                                                                         : ... note: In instance 'tb_top.dut.u_l12.g_k3.g_lb2.u_swg'
   85 |     wire signed [17:0] ix = rd_ox + rd_kx - 1;
      |                                   ^
%Warning-WIDTHEXPAND: C:\CodexTemp\stylecam_v21_delivery_check_20261005\rtl\swg3b.v:88:58: Operator ADD expects 32 bits on the RHS, but RHS's VARREF 'rd_g' generates 8 bits.
                                                                                         : ... note: In instance 'tb_top.dut.u_l12.g_k3.g_lb2.u_swg'
   88 |     wire [AW-1:0] rd_addr = iy[0] * ROWW + ix[15:0] * NG + rd_g;
      |                                                          ^
%Warning-WIDTHTRUNC: C:\CodexTemp\stylecam_v21_delivery_check_20261005\rtl\swg3b.v:88:27: Operator ASSIGNW expects 12 bits on the Assign RHS, but Assign RHS's ADD generates 32 bits.
                                                                                        : ... note: In instance 'tb_top.dut.u_l12.g_k3.g_lb2.u_swg'
   88 |     wire [AW-1:0] rd_addr = iy[0] * ROWW + ix[15:0] * NG + rd_g;
      |                           ^
%Warning-WIDTHEXPAND: C:\CodexTemp\stylecam_v21_delivery_check_20261005\rtl\swg3b.v:90:28: Operator SUB expects 32 bits on the LHS, but LHS's VARREF 'pn' generates 16 bits.
                                                                                         : ... note: In instance 'tb_top.dut.u_l12.g_k3.g_lb2.u_swg'
   90 |     wire [15:0] pos_t = pn - 1'b1 - (ix[15:0] * NG + rd_g);
      |                            ^
%Warning-WIDTHEXPAND: C:\CodexTemp\stylecam_v21_delivery_check_20261005\rtl\swg3b.v:90:52: Operator ADD expects 32 bits on the RHS, but RHS's VARREF 'rd_g' generates 8 bits.
                                                                                         : ... note: In instance 'tb_top.dut.u_l12.g_k3.g_lb2.u_swg'
   90 |     wire [15:0] pos_t = pn - 1'b1 - (ix[15:0] * NG + rd_g);
      |                                                    ^
%Warning-WIDTHTRUNC: C:\CodexTemp\stylecam_v21_delivery_check_20261005\rtl\swg3b.v:90:23: Operator ASSIGNW expects 16 bits on the Assign RHS, but Assign RHS's SUB generates 32 bits.
                                                                                        : ... note: In instance 'tb_top.dut.u_l12.g_k3.g_lb2.u_swg'
   90 |     wire [15:0] pos_t = pn - 1'b1 - (ix[15:0] * NG + rd_g);
      |                       ^
%Warning-WIDTHEXPAND: C:\CodexTemp\stylecam_v21_delivery_check_20261005\rtl\swg3b.v:91:28: Operator SUB expects 32 bits on the LHS, but LHS's VARREF 'pn' generates 16 bits.
                                                                                         : ... note: In instance 'tb_top.dut.u_l12.g_k3.g_lb2.u_swg'
   91 |     wire [15:0] pos_c = pn - 1'b1 - (cm_col * NG + cm_grp);
      |                            ^
%Warning-WIDTHEXPAND: C:\CodexTemp\stylecam_v21_delivery_check_20261005\rtl\swg3b.v:91:50: Operator ADD expects 32 bits on the RHS, but RHS's VARREF 'cm_grp' generates 8 bits.
                                                                                         : ... note: In instance 'tb_top.dut.u_l12.g_k3.g_lb2.u_swg'
   91 |     wire [15:0] pos_c = pn - 1'b1 - (cm_col * NG + cm_grp);
      |                                                  ^
%Warning-WIDTHTRUNC: C:\CodexTemp\stylecam_v21_delivery_check_20261005\rtl\swg3b.v:91:23: Operator ASSIGNW expects 16 bits on the Assign RHS, but Assign RHS's SUB generates 32 bits.
                                                                                        : ... note: In instance 'tb_top.dut.u_l12.g_k3.g_lb2.u_swg'
   91 |     wire [15:0] pos_c = pn - 1'b1 - (cm_col * NG + cm_grp);
      |                       ^
%Warning-WIDTHEXPAND: C:\CodexTemp\stylecam_v21_delivery_check_20261005\rtl\swg3b.v:94:66: Operator ADD expects 32 bits on the RHS, but RHS's VARREF 'cm_grp' generates 8 bits.
                                                                                         : ... note: In instance 'tb_top.dut.u_l12.g_k3.g_lb2.u_swg'
   94 |     wire [AW-1:0] waddr = commit ? (prow[0] * ROWW + cm_col * NG + cm_grp)
      |                                                                  ^
%Warning-WIDTHEXPAND: C:\CodexTemp\stylecam_v21_delivery_check_20261005\rtl\swg3b.v:95:49: Operator ADD expects 32 bits on the RHS, but RHS's VARREF 'wr_grp' generates 8 bits.
                                                                                         : ... note: In instance 'tb_top.dut.u_l12.g_k3.g_lb2.u_swg'
   95 |                                  : (wr_col * NG + wr_grp);
      |                                                 ^
%Warning-WIDTHTRUNC: C:\CodexTemp\stylecam_v21_delivery_check_20261005\rtl\swg3b.v:94:25: Operator ASSIGNW expects 12 bits on the Assign RHS, but Assign RHS's COND generates 32 bits.
                                                                                        : ... note: In instance 'tb_top.dut.u_l12.g_k3.g_lb2.u_swg'
   94 |     wire [AW-1:0] waddr = commit ? (prow[0] * ROWW + cm_col * NG + cm_grp)
      |                         ^
%Warning-WIDTHEXPAND: C:\CodexTemp\stylecam_v21_delivery_check_20261005\rtl\swg3b.v:141:28: Operator EQ expects 32 bits on the LHS, but LHS's VARREF 'cm_grp' generates 8 bits.
                                                                                          : ... note: In instance 'tb_top.dut.u_l12.g_k3.g_lb2.u_swg'
  141 |                 if (cm_grp == NG - 1) begin
      |                            ^~
%Warning-WIDTHEXPAND: C:\CodexTemp\stylecam_v21_delivery_check_20261005\rtl\swg3b.v:163:32: Operator EQ expects 32 bits on the LHS, but LHS's VARREF 'wr_grp' generates 8 bits.
                                                                                          : ... note: In instance 'tb_top.dut.u_l12.g_k3.g_lb2.u_swg'
  163 |                     if (wr_grp == NG - 1) pwc <= wr_col + 1'b1;
      |                                ^~
%Warning-WIDTHEXPAND: C:\CodexTemp\stylecam_v21_delivery_check_20261005\rtl\swg3b.v:165:28: Operator EQ expects 32 bits on the LHS, but LHS's VARREF 'wr_grp' generates 8 bits.
                                                                                          : ... note: In instance 'tb_top.dut.u_l12.g_k3.g_lb2.u_swg'
  165 |                 if (wr_grp == NG - 1) begin
      |                            ^~
%Warning-WIDTHEXPAND: C:\CodexTemp\stylecam_v21_delivery_check_20261005\rtl\swg3b.v:184:30: Operator ADD expects 32 or 4 bits on the RHS, but RHS's VARREF 'rd_kx' generates 2 bits.
                                                                                          : ... note: In instance 'tb_top.dut.u_l12.g_k3.g_lb2.u_swg'
  184 |         p_tap   <= rd_ky * 3 + rd_kx;
      |                              ^
%Warning-WIDTHEXPAND: C:\CodexTemp\stylecam_v21_delivery_check_20261005\rtl\swg3b.v:197:30: Operator NEQ expects 32 bits on the LHS, but LHS's VARREF 'rd_g' generates 8 bits.
                                                                                          : ... note: In instance 'tb_top.dut.u_l12.g_k3.g_lb2.u_swg'
  197 |                     if (rd_g != NG - 1) rd_g <= rd_g + 1'b1;
      |                              ^~
%Warning-WIDTHTRUNC: C:\CodexTemp\stylecam_v21_delivery_check_20261005\rtl\mac.v:50:27: Operator ASSIGNW expects 6 bits on the Assign RHS, but Assign RHS's ADD generates 32 or 16 bits.
                                                                                      : ... note: In instance 'tb_top.dut.u_l11.g_k1.u_mac'
   50 |     wire [WAW-1:0]  waddr = i0 * NF + f0;
      |                           ^
%Warning-WIDTHEXPAND: C:\CodexTemp\stylecam_v21_delivery_check_20261005\rtl\swg3.v:69:36: Operator ADD expects 18 bits on the RHS, but RHS's VARREF 'roff' generates 2 bits.
                                                                                        : ... note: In instance 'tb_top.dut.u_l10.g_k3.g_lb3.u_swg'
   69 |     wire signed [17:0] iy  = rbase + roff;
      |                                    ^
%Warning-WIDTHEXPAND: C:\CodexTemp\stylecam_v21_delivery_check_20261005\rtl\swg3.v:70:36: Operator ADD expects 32 or 18 bits on the RHS, but RHS's VARREF 'rd_ky' generates 2 bits.
                                                                                        : ... note: In instance 'tb_top.dut.u_l10.g_k3.g_lb3.u_swg'
   70 |     wire signed [17:0] uy  = rd_oy + rd_ky - 1;             
      |                                    ^
%Warning-WIDTHEXPAND: C:\CodexTemp\stylecam_v21_delivery_check_20261005\rtl\swg3.v:71:36: Operator ADD expects 18 bits on the RHS, but RHS's VARREF 'rd_kx' generates 2 bits.
                                                                                        : ... note: In instance 'tb_top.dut.u_l10.g_k3.g_lb3.u_swg'
   71 |     wire signed [17:0] ux  = cbase + rd_kx;                 
      |                                    ^
%Warning-WIDTHEXPAND: C:\CodexTemp\stylecam_v21_delivery_check_20261005\rtl\swg3.v:76:40: Operator COND expects 32 or 3 bits on the Conditional False, but Conditional False's SEL generates 2 bits.
                                                                                        : ... note: In instance 'tb_top.dut.u_l10.g_k3.g_lb3.u_swg'
   76 |     wire [1:0] slot = (slot_sum >= NR) ? slot_sum - NR : slot_sum[1:0];
      |                                        ^
%Warning-WIDTHTRUNC: C:\CodexTemp\stylecam_v21_delivery_check_20261005\rtl\swg3.v:76:21: Operator ASSIGNW expects 2 bits on the Assign RHS, but Assign RHS's COND generates 32 or 3 bits.
                                                                                       : ... note: In instance 'tb_top.dut.u_l10.g_k3.g_lb3.u_swg'
   76 |     wire [1:0] slot = (slot_sum >= NR) ? slot_sum - NR : slot_sum[1:0];
      |                     ^
%Warning-WIDTHEXPAND: C:\CodexTemp\stylecam_v21_delivery_check_20261005\rtl\swg3.v:77:57: Operator ADD expects 32 bits on the RHS, but RHS's VARREF 'rd_g' generates 8 bits.
                                                                                        : ... note: In instance 'tb_top.dut.u_l10.g_k3.g_lb3.u_swg'
   77 |     wire [AW-1:0] rd_addr = slot * ROWW + ix[15:0] * NG + rd_g;
      |                                                         ^
%Warning-WIDTHTRUNC: C:\CodexTemp\stylecam_v21_delivery_check_20261005\rtl\swg3.v:77:27: Operator ASSIGNW expects 11 bits on the Assign RHS, but Assign RHS's ADD generates 32 bits.
                                                                                       : ... note: In instance 'tb_top.dut.u_l10.g_k3.g_lb3.u_swg'
   77 |     wire [AW-1:0] rd_addr = slot * ROWW + ix[15:0] * NG + rd_g;
      |                           ^
%Warning-WIDTHEXPAND: C:\CodexTemp\stylecam_v21_delivery_check_20261005\rtl\swg3.v:109:33: Operator EQ expects 32 bits on the LHS, but LHS's VARREF 'wr_addr' generates 11 bits.
                                                                                         : ... note: In instance 'tb_top.dut.u_l10.g_k3.g_lb3.u_swg'
  109 |             wr_addr <= (wr_addr == DEPTH - 1) ? 0 : wr_addr + 1'b1;
      |                                 ^~
%Warning-WIDTHEXPAND: C:\CodexTemp\stylecam_v21_delivery_check_20261005\rtl\swg3.v:110:24: Operator EQ expects 32 bits on the LHS, but LHS's VARREF 'wr_grp' generates 8 bits.
                                                                                         : ... note: In instance 'tb_top.dut.u_l10.g_k3.g_lb3.u_swg'
  110 |             if (wr_grp == NG - 1) begin
      |                        ^~
%Warning-WIDTHEXPAND: C:\CodexTemp\stylecam_v21_delivery_check_20261005\rtl\swg3.v:126:30: Operator ADD expects 32 or 4 bits on the RHS, but RHS's VARREF 'rd_kx' generates 2 bits.
                                                                                         : ... note: In instance 'tb_top.dut.u_l10.g_k3.g_lb3.u_swg'
  126 |         p_tap   <= rd_ky * 3 + rd_kx;
      |                              ^
%Warning-WIDTHEXPAND: C:\CodexTemp\stylecam_v21_delivery_check_20261005\rtl\swg3.v:141:30: Operator NEQ expects 32 bits on the LHS, but LHS's VARREF 'rd_g' generates 8 bits.
                                                                                         : ... note: In instance 'tb_top.dut.u_l10.g_k3.g_lb3.u_swg'
  141 |                     if (rd_g != NG - 1) rd_g <= rd_g + 1'b1;
      |                              ^~
%Warning-WIDTHTRUNC: C:\CodexTemp\stylecam_v21_delivery_check_20261005\rtl\mac.v:50:27: Operator ASSIGNW expects 8 bits on the Assign RHS, but Assign RHS's ADD generates 32 or 16 bits.
                                                                                      : ... note: In instance 'tb_top.dut.u_l9.g_k1.u_mac'
   50 |     wire [WAW-1:0]  waddr = i0 * NF + f0;
      |                           ^
%Warning-WIDTHTRUNC: C:\CodexTemp\stylecam_v21_delivery_check_20261005\rtl\swg3.v:77:27: Operator ASSIGNW expects 12 bits on the Assign RHS, but Assign RHS's ADD generates 32 bits.
                                                                                       : ... note: In instance 'tb_top.dut.u_l1.g_k3.g_lb3.u_swg'
   77 |     wire [AW-1:0] rd_addr = slot * ROWW + ix[15:0] * NG + rd_g;
      |                           ^
%Warning-WIDTHEXPAND: C:\CodexTemp\stylecam_v21_delivery_check_20261005\rtl\swg3.v:109:33: Operator EQ expects 32 bits on the LHS, but LHS's VARREF 'wr_addr' generates 12 bits.
                                                                                         : ... note: In instance 'tb_top.dut.u_l1.g_k3.g_lb3.u_swg'
  109 |             wr_addr <= (wr_addr == DEPTH - 1) ? 0 : wr_addr + 1'b1;
      |                                 ^~
%Warning-WIDTHEXPAND: C:\CodexTemp\stylecam_v21_delivery_check_20261005\rtl\mac.v:221:37: Operator ADD expects 32 or 8 bits on the RHS, but RHS's VARREF 'i_tap' generates 4 bits.
                                                                                        : ... note: In instance 'tb_top.dut.u_l10.g_k3.g_dw.u_mac'
  221 |         .re(fire), .raddr(i_grp * 9 + i_tap), .rdata(wrow)
      |                                     ^
%Warning-WIDTHTRUNC: C:\CodexTemp\stylecam_v21_delivery_check_20261005\rtl\mac.v:221:21: Input port connection 'raddr' expects 6 bits on the pin connection, but pin connection's ADD generates 32 or 8 bits.
                                                                                       : ... note: In instance 'tb_top.dut.u_l10.g_k3.g_dw.u_mac'
  221 |         .re(fire), .raddr(i_grp * 9 + i_tap), .rdata(wrow)
      |                     ^~~~~
%Warning-WIDTHEXPAND: C:\CodexTemp\stylecam_v21_delivery_check_20261005\rtl\mac.v:262:52: Operator ADD expects 32 or 26 bits on the RHS, but RHS's ARRAYSEL generates 17 bits.
                                                                                        : ... note: In instance 'tb_top.dut.u_l10.g_k3.g_dw.u_mac'
  262 |                 acc[j] <= ((t2 == 0) ? 0 : acc[j]) + prod[j];
      |                                                    ^
%Warning-WIDTHTRUNC: C:\CodexTemp\stylecam_v21_delivery_check_20261005\rtl\mac.v:266:27: Bit extraction of array[3:0] requires 2 bit index, not 8 bits.
                                                                                       : ... note: In instance 'tb_top.dut.u_l10.g_k3.g_dw.u_mac'
  266 |     assign o_acc   = obank[ocnt];
      |                           ^
%Warning-WIDTHTRUNC: C:\CodexTemp\stylecam_v21_delivery_check_20261005\rtl\mac.v:267:27: Bit extraction of array[3:0] requires 2 bit index, not 8 bits.
                                                                                       : ... note: In instance 'tb_top.dut.u_l10.g_k3.g_dw.u_mac'
  267 |     assign o_side  = oside[ocnt];
      |                           ^
%Warning-WIDTHEXPAND: C:\CodexTemp\stylecam_v21_delivery_check_20261005\rtl\mac.v:284:40: Operator ADD expects 26 bits on the RHS, but RHS's ARRAYSEL generates 17 bits.
                                                                                        : ... note: In instance 'tb_top.dut.u_l10.g_k3.g_dw.u_mac'
  284 |                     obank[j] <= acc[j] + prod[j];
      |                                        ^
%Warning-WIDTHEXPAND: C:\CodexTemp\stylecam_v21_delivery_check_20261005\rtl\swg3b.v:88:58: Operator ADD expects 32 or 16 bits on the RHS, but RHS's VARREF 'rd_g' generates 8 bits.
                                                                                         : ... note: In instance 'tb_top.dut.u_l12.g_k3.g_lb2.u_swg'
   88 |     wire [AW-1:0] rd_addr = iy[0] * ROWW + ix[15:0] * NG + rd_g;
      |                                                          ^
%Warning-WIDTHTRUNC: C:\CodexTemp\stylecam_v21_delivery_check_20261005\rtl\swg3b.v:88:27: Operator ASSIGNW expects 11 bits on the Assign RHS, but Assign RHS's ADD generates 32 or 16 bits.
                                                                                        : ... note: In instance 'tb_top.dut.u_l12.g_k3.g_lb2.u_swg'
   88 |     wire [AW-1:0] rd_addr = iy[0] * ROWW + ix[15:0] * NG + rd_g;
      |                           ^
%Warning-WIDTHEXPAND: C:\CodexTemp\stylecam_v21_delivery_check_20261005\rtl\swg3b.v:90:52: Operator ADD expects 32 or 16 bits on the RHS, but RHS's VARREF 'rd_g' generates 8 bits.
                                                                                         : ... note: In instance 'tb_top.dut.u_l12.g_k3.g_lb2.u_swg'
   90 |     wire [15:0] pos_t = pn - 1'b1 - (ix[15:0] * NG + rd_g);
      |                                                    ^
%Warning-WIDTHEXPAND: C:\CodexTemp\stylecam_v21_delivery_check_20261005\rtl\swg3b.v:91:50: Operator ADD expects 32 or 16 bits on the RHS, but RHS's VARREF 'cm_grp' generates 8 bits.
                                                                                         : ... note: In instance 'tb_top.dut.u_l12.g_k3.g_lb2.u_swg'
   91 |     wire [15:0] pos_c = pn - 1'b1 - (cm_col * NG + cm_grp);
      |                                                  ^
%Warning-WIDTHEXPAND: C:\CodexTemp\stylecam_v21_delivery_check_20261005\rtl\swg3b.v:94:66: Operator ADD expects 32 or 16 bits on the RHS, but RHS's VARREF 'cm_grp' generates 8 bits.
                                                                                         : ... note: In instance 'tb_top.dut.u_l12.g_k3.g_lb2.u_swg'
   94 |     wire [AW-1:0] waddr = commit ? (prow[0] * ROWW + cm_col * NG + cm_grp)
      |                                                                  ^
%Warning-WIDTHEXPAND: C:\CodexTemp\stylecam_v21_delivery_check_20261005\rtl\swg3b.v:95:49: Operator ADD expects 32 or 16 bits on the RHS, but RHS's VARREF 'wr_grp' generates 8 bits.
                                                                                         : ... note: In instance 'tb_top.dut.u_l12.g_k3.g_lb2.u_swg'
   95 |                                  : (wr_col * NG + wr_grp);
      |                                                 ^
%Warning-WIDTHTRUNC: C:\CodexTemp\stylecam_v21_delivery_check_20261005\rtl\swg3b.v:94:25: Operator ASSIGNW expects 11 bits on the Assign RHS, but Assign RHS's COND generates 32 or 16 bits.
                                                                                        : ... note: In instance 'tb_top.dut.u_l12.g_k3.g_lb2.u_swg'
   94 |     wire [AW-1:0] waddr = commit ? (prow[0] * ROWW + cm_col * NG + cm_grp)
      |                         ^
%Warning-WIDTHEXPAND: C:\CodexTemp\stylecam_v21_delivery_check_20261005\rtl\common.v:218:35: Operator ADD expects 40 bits on the RHS, but RHS's VARREF 'a2' generates 19 bits.
                                                                                           : ... note: In instance 'tb_top.dut.u_st'
  218 |             m1[c2[CAW-1:0]] <= o1 + a2;
      |                                   ^
%Warning-WIDTHEXPAND: C:\CodexTemp\stylecam_v21_delivery_check_20261005\rtl\common.v:219:35: Operator ADD expects 60 bits on the RHS, but RHS's VARREF 'sq2' generates 38 bits.
                                                                                           : ... note: In instance 'tb_top.dut.u_st'
  219 |             m2[c2[CAW-1:0]] <= o2 + sq2;
      |                                   ^
%Warning-WIDTHTRUNC: C:\CodexTemp\stylecam_v21_delivery_check_20261005\rtl\conv_layer.v:164:24: Bit extraction of array[319:0] requires 9 bit index, not 16 bits.
                                                                                              : ... note: In instance 'tb_top.dut.u_ps'
  164 |                     odd[x] <= {i_data[31:24], w1[31:24], w0[31:24],
      |                        ^
%Warning-WIDTHTRUNC: C:\CodexTemp\stylecam_v21_delivery_check_20261005\rtl\conv_layer.v:178:39: Bit extraction of array[319:0] requires 9 bit index, not 11 bits.
                                                                                              : ... note: In instance 'tb_top.dut.u_ps'
  178 |                 o_data  <= rp[0] ? odd[rp >> 1][47:24] : odd[rp >> 1][23:0];
      |                                       ^
%Warning-WIDTHTRUNC: C:\CodexTemp\stylecam_v21_delivery_check_20261005\rtl\conv_layer.v:178:61: Bit extraction of array[319:0] requires 9 bit index, not 11 bits.
                                                                                              : ... note: In instance 'tb_top.dut.u_ps'
  178 |                 o_data  <= rp[0] ? odd[rp >> 1][47:24] : odd[rp >> 1][23:0];
      |                                                             ^
%Warning-WIDTHTRUNC: tb_top.v:33:33: Operator ASSIGNDLY expects 5 bits on the Assign RHS, but Assign RHS's VARREF 'a0' generates 32 bits.
                                   : ... note: In instance 'tb_top'
   33 |                     cw <= 1; cl <= a0; cs <= a1; cn <= a2; ca <= a3; cd <= a4[37:0];
      |                                 ^~
%Warning-WIDTHTRUNC: tb_top.v:33:43: Operator ASSIGNDLY expects 1 bits on the Assign RHS, but Assign RHS's VARREF 'a1' generates 32 bits.
                                   : ... note: In instance 'tb_top'
   33 |                     cw <= 1; cl <= a0; cs <= a1; cn <= a2; ca <= a3; cd <= a4[37:0];
      |                                           ^~
%Warning-WIDTHTRUNC: tb_top.v:33:53: Operator ASSIGNDLY expects 5 bits on the Assign RHS, but Assign RHS's VARREF 'a2' generates 32 bits.
                                   : ... note: In instance 'tb_top'
   33 |                     cw <= 1; cl <= a0; cs <= a1; cn <= a2; ca <= a3; cd <= a4[37:0];
      |                                                     ^~
%Warning-WIDTHTRUNC: tb_top.v:33:63: Operator ASSIGNDLY expects 12 bits on the Assign RHS, but Assign RHS's VARREF 'a3' generates 32 bits.
                                   : ... note: In instance 'tb_top'
   33 |                     cw <= 1; cl <= a0; cs <= a1; cn <= a2; ca <= a3; cd <= a4[37:0];
      |                                                               ^~
%Warning-WIDTHTRUNC: tb_top.v:93:24: Operator ASSIGNDLY expects 8 bits on the Assign RHS, but Assign RHS's VARREF 'k2' generates 32 bits.
                                   : ... note: In instance 'tb_top'
   93 |                 st_idx <= k2; @(posedge clk); #1;
      |                        ^~
%Warning-INITIALDLY: tb_top.v:33:24: Non-blocking assignment '<=' in initial/final block
                                   : ... This will be executed as a blocking assignment '='!
   33 |                     cw <= 1; cl <= a0; cs <= a1; cn <= a2; ca <= a3; cd <= a4[37:0];
      |                        ^~
                     ... For warning description see https://verilator.org/warn/INITIALDLY?v=0.000
                     ... Use "/* verilator lint_off INITIALDLY */" and lint_on around source to disable this message.
%Warning-INITIALDLY: tb_top.v:33:33: Non-blocking assignment '<=' in initial/final block
                                   : ... This will be executed as a blocking assignment '='!
   33 |                     cw <= 1; cl <= a0; cs <= a1; cn <= a2; ca <= a3; cd <= a4[37:0];
      |                                 ^~
%Warning-INITIALDLY: tb_top.v:33:43: Non-blocking assignment '<=' in initial/final block
                                   : ... This will be executed as a blocking assignment '='!
   33 |                     cw <= 1; cl <= a0; cs <= a1; cn <= a2; ca <= a3; cd <= a4[37:0];
      |                                           ^~
%Warning-INITIALDLY: tb_top.v:33:53: Non-blocking assignment '<=' in initial/final block
                                   : ... This will be executed as a blocking assignment '='!
   33 |                     cw <= 1; cl <= a0; cs <= a1; cn <= a2; ca <= a3; cd <= a4[37:0];
      |                                                     ^~
%Warning-INITIALDLY: tb_top.v:33:63: Non-blocking assignment '<=' in initial/final block
                                   : ... This will be executed as a blocking assignment '='!
   33 |                     cw <= 1; cl <= a0; cs <= a1; cn <= a2; ca <= a3; cd <= a4[37:0];
      |                                                               ^~
%Warning-INITIALDLY: tb_top.v:33:73: Non-blocking assignment '<=' in initial/final block
                                   : ... This will be executed as a blocking assignment '='!
   33 |                     cw <= 1; cl <= a0; cs <= a1; cn <= a2; ca <= a3; cd <= a4[37:0];
      |                                                                         ^~
%Warning-INITIALDLY: tb_top.v:34:39: Non-blocking assignment '<=' in initial/final block
                                   : ... This will be executed as a blocking assignment '='!
   34 |                     @(posedge clk) cw <= 0;      
      |                                       ^~
%Warning-INITIALDLY: tb_top.v:38:31: Non-blocking assignment '<=' in initial/final block
                                   : ... This will be executed as a blocking assignment '='!
   38 |             @(posedge clk) cw <= 0;
      |                               ^~
%Warning-INITIALDLY: tb_top.v:44:31: Non-blocking assignment '<=' in initial/final block
                                   : ... This will be executed as a blocking assignment '='!
   44 |         @(posedge clk) st_arm <= 1; @(posedge clk) st_arm <= 0; st_fs <= 1; @(posedge clk) st_fs <= 0;
      |                               ^~
%Warning-INITIALDLY: tb_top.v:44:59: Non-blocking assignment '<=' in initial/final block
                                   : ... This will be executed as a blocking assignment '='!
   44 |         @(posedge clk) st_arm <= 1; @(posedge clk) st_arm <= 0; st_fs <= 1; @(posedge clk) st_fs <= 0;
      |                                                           ^~
%Warning-INITIALDLY: tb_top.v:44:71: Non-blocking assignment '<=' in initial/final block
                                   : ... This will be executed as a blocking assignment '='!
   44 |         @(posedge clk) st_arm <= 1; @(posedge clk) st_arm <= 0; st_fs <= 1; @(posedge clk) st_fs <= 0;
      |                                                                       ^~
%Warning-INITIALDLY: tb_top.v:44:98: Non-blocking assignment '<=' in initial/final block
                                   : ... This will be executed as a blocking assignment '='!
   44 |         @(posedge clk) st_arm <= 1; @(posedge clk) st_arm <= 0; st_fs <= 1; @(posedge clk) st_fs <= 0;
      |                                                                                                  ^~
%Warning-INITIALDLY: tb_top.v:77:13: Non-blocking assignment '<=' in initial/final block
                                   : ... This will be executed as a blocking assignment '='!
   77 |         rst <= 0;
      |             ^~
