Using board profile: 'Generic Board Profile Using FT4232H' for pinout connection
Connecting to JTAG_TAP: efx_ti
Connecting to JTAG_TAP: efx_ti
Flash device: Winbond W25Q64 8 MiB (JEDEC ID: 0xEF6017) @ JTAG freq 1.0 MHz
Unlock all sectors for write.
Erasing 1052 KiB from flash @ 0x00000000 (may take a while...)
Finished erase in 5 seconds
Writing 1048 KiB to flash @ 0x00000000 ...
Finished write in 8 seconds
Reading 1048 KiB from flash @ 0x00000000 ...
Finished read in 11 seconds
ERROR: Flash verify unsuccessful... mismatch found
retry program using max clk ...
Erasing 1052 KiB from flash @ 0x00000000 (may take a while...)
Finished erase in 5 seconds
Writing 1048 KiB to flash @ 0x00000000 ...
Finished write in 17 seconds
Reading 1048 KiB from flash @ 0x00000000 ...
Finished read in 11 seconds
Flash verify successful
Restore Write-protect status register.
JTAG2SPI programming...done
